----------------------------------------------------------------
-Pin Report - Date: Tue Jun  2 15:01:54 2020 Pinchecksum: NOT-AVAILABLE
-Product: Designer
-Release: v12.4
-Version: 12.900.0.16
-Design Name: demo_sb
-Family: SmartFusion2
-Die: M2S025
-Package: 256 VF
-----------------------------------------------------------------

Port             |Pin |Fixed |Function                                   |Bank     |I/O Std   |Direction                      |I/O state in Flash*Freeze mode |Resistor Pull                      |I/O available in Flash*Freeze mode |Schmitt Trigger |Odt_Static    |Odt Imp (Ohm)  |Low Power Exit |Input Delay |Slew         |Pre-Emphasis      |Output Drive (mA) |Output Load (pF) |
-----------------|----|------|-------------------------------------------|---------|----------|-------------------------------|-------------------------------|-----------------------------------|-----------------------------------|----------------|--------------|---------------|---------------|------------|-------------|------------------|------------------|-----------------|
DEVRST_N          M11  Fixed  DEVRST_N                                    ---       
GPIO_2_M2F        J16  Yes    MSIO11PB2/I2C_1_SDA/GPIO_0_A/CCC_NE0_CLKI0  Bank2     LVCMOS25   Output                          TRISTATE                        Up                                  No                                  ---              ---            ---             ---             ---          SLOW          ---                4                  5                 
GPIO_3_M2F        K16  Yes    MSIO4PB2/USB_DATA2_B                        Bank2     LVCMOS25   Output                          TRISTATE                        Up                                  No                                  ---              ---            ---             ---             ---          SLOW          ---                4                  5                 
GPIO_4_M2F        M16  Yes    MSIO1NB2/USB_DIR_B                          Bank2     LVCMOS25   Output                          TRISTATE                        Up                                  No                                  ---              ---            ---             ---             ---          SLOW          ---                4                  5                 
GPIO_8_M2F        N16  Yes    MSIO1PB2/USB_XCLK_B                         Bank2     LVCMOS25   Output                          TRISTATE                        Up                                  No                                  ---              ---            ---             ---             ---          SLOW          ---                4                  5                 
GPIO_9_F2M        E15  No     DDRIO38NB0/MDDR_ADDR9                       Bank0     LVCMOS25   Input                           TRISTATE                        Up                                  No                                  Off              ---            ---             Off             Off          ---           ---                ---                ---               
I2C_0_SCL         T6   Yes    MSIO120NB4/CCC_SW0_CLKI2                    Bank4     LVCMOS25   Inout                           TRISTATE                        None                                No                                  Off              ---            ---             Off             Off          SLOW          ---                4                  5                 
I2C_0_SDA         T9   Yes    MSIO130PB4/VCCC_SE0_CLKI                    Bank4     LVCMOS25   Inout                           TRISTATE                        None                                No                                  Off              ---            ---             Off             Off          SLOW          ---                4                  5                 
MMUART_0_RXD_F2M  P12  Yes    MSIO143PB4                                  Bank4     LVCMOS25   Input                           TRISTATE                        Up                                  No                                  Off              ---            ---             Off             Off          ---           ---                ---                ---               
MMUART_0_TXD_M2F  P13  Yes    MSIO143NB4                                  Bank4     LVCMOS25   Output                          TRISTATE                        Up                                  No                                  ---              ---            ---             ---             ---          SLOW          ---                4                  5                 
SPI_0_CLK         J14  Yes    MSIO12PB2/SPI_0_CLK                         Bank2     LVCMOS25   Inout                           TRISTATE                        Up                                  No                                  Off              ---            ---             Off             Off          SLOW          ---                4                  5                 
SPI_0_DI          J13  Yes    MSIO12NB2/SPI_0_SDI/GPIO_5_A                Bank2     LVCMOS25   Input                           TRISTATE                        Up                                  No                                  Off              ---            ---             Off             Off          ---           ---                ---                ---               
SPI_0_DO          K12  Yes    MSIO13PB2/SPI_0_SDO/GPIO_6_A                Bank2     LVCMOS25   Output                          TRISTATE                        Up                                  No                                  ---              ---            ---             ---             ---          SLOW          ---                4                  5                 
SPI_0_SS0         J12  Yes    MSIO13NB2/SPI_0_SS0/GPIO_7_A                Bank2     LVCMOS25   Inout                           TRISTATE                        Up                                  No                                  Off              ---            ---             Off             Off          SLOW          ---                4                  5                 
