Resource Report
Microsemi Corporation - Microsemi Libero Software Release v12.4 (Version 12.900.0.16)
Date: Tue Jun  2 14:59:01 2020

Device Selection
+--------------------------------+----------------+
| Family                         | SmartFusion2   |
| Device                         | M2S025         |
| Package                        | 256 VF         |
| Speed Grade                    | STD            |
| Temp                           | 0:25:85        |
| Voltage                        | 1.26:1.20:1.14 |
| Core Voltage                   | 1.2V           |
| Ramp Rate                      | 100ms Minimum  |
| System Controller Suspend Mode | No             |
| PLL Supply Voltage             | 2.5V           |
| Default I/O technology         | LVCMOS 2.5V    |
| Restrict Probe Pins            | Yes            |
| Restrict SPI Pins              | No             |
+--------------------------------+----------------+

Source Files
+---------+----------------------------------------------------------------------+
| Topcell | demo_sb                                                              |
| Format  | Verilog                                                              |
| Source  | D:\SmartFusion2-Projects-Windows\demo-proj\demo\synthesis\demo_sb.vm |
+---------+----------------------------------------------------------------------+

Options
+----------------------------------------------------+-------+
| Enable Single Event Transient mitigation           | false |
| Enable Design Separation Methodology               | false |
| Limit the number of high fanout nets to display to | 10    |
+----------------------------------------------------+-------+

Resource Usage
+---------------------------+------+-------+------------+
| Type                      | Used | Total | Percentage |
+---------------------------+------+-------+------------+
| 4LUT                      | 0    | 27696 | 0.00       |
| DFF                       | 3    | 27696 | 0.01       |
| I/O Register              | 0    | 414   | 0.00       |
| User I/O                  | 13   | 138   | 9.42       |
| -- Single-ended I/O       | 13   | 138   | 9.42       |
| -- Differential I/O Pairs | 0    | 65    | 0.00       |
| RAM64x18                  | 0    | 34    | 0.00       |
| RAM1K18                   | 0    | 31    | 0.00       |
| MACC                      | 0    | 34    | 0.00       |
| Chip Globals              | 1    | 16    | 6.25       |
| CCC                       | 1    | 6     | 16.67      |
| RCOSC_25_50MHZ            | 1    | 1     | 100.00     |
| RCOSC_1MHZ                | 0    | 1     | 0.00       |
| XTLOSC                    | 0    | 1     | 0.00       |
| MSS                       | 1    | 1     | 100.00     |
+---------------------------+------+-------+------------+

Detailed Logic Resource Usage
+--------------------------+------+-----+
| Type                     | 4LUT | DFF |
+--------------------------+------+-----+
| Fabric Logic             | 0    | 3   |
| RAM64x18 Interface Logic | 0    | 0   |
| RAM1K18 Interface Logic  | 0    | 0   |
| MACC Interface Logic     | 0    | 0   |
| Total Used               | 0    | 3   |
+--------------------------+------+-----+

MSS Resource Usage
+---------------+------+-------+
| Type          | Used | Total |
+---------------+------+-------+
| Cortex-M3*    | 1    | 1     |
| eNVM (256KB)* | 1    | 1     |
| eSRAM*        | 2    | 2     |
| TIMER*        | 2    | 2     |
| CAN           | 0    | 1     |
| SPI           | 1    | 2     |
| I2C           | 1    | 2     |
| UART          | 1    | 2     |
| USB           | 0    | 1     |
| MAC           | 0    | 1     |
| MDDR          | 0    | 1     |
| HPDMA         | 1    | 1     |
| PDMA          | 1    | 1     |
+---------------+------+-------+

* These resources are always marked as used when you are using the MSS

I/O Function
+-------------------------------+--------------+-------------+-----------------+
| Type                          | w/o register | w/ register | w/ DDR register |
+-------------------------------+--------------+-------------+-----------------+
| Input I/O                     | 3            | 0           | 0               |
| Output I/O                    | 6            | 0           | 0               |
| Bidirectional I/O             | 4            | 0           | 0               |
| Differential Input I/O Pairs  | 0            | 0           | 0               |
| Differential Output I/O Pairs | 0            | 0           | 0               |
+-------------------------------+--------------+-------------+-----------------+

I/O Technology
+--------------+--------+------+-------+--------+---------------+
| I/O Standard | Vddi   | Vref | Input | Output | Bidirectional |
+--------------+--------+------+-------+--------+---------------+
| LVCMOS25     |  2.50v |  N/A |  3    |  6     |  4            |
+--------------+--------+------+-------+--------+---------------+

I/O Placement
+----------+-------+------------+
| Type     | Count | Percentage |
+----------+-------+------------+
| Locked   |  4    | 30.77%     |
| Placed   |  0    | 0.00%      |
| UnPlaced |  9    | 69.23%     |
+----------+-------+------------+

Nets assigned to chip global resources
+--------+---------+---------------------------------------------+
| Fanout | Type    | Name                                        |
+--------+---------+---------------------------------------------+
| 4      | INT_NET | Net   : demo_sb_sb_0/GL0_INST               |
|        |         | Driver: demo_sb_sb_0/CCC_0/GL0_INST/U0_RGB1 |
|        |         | Source: NETLIST                             |
+--------+---------+---------------------------------------------+

Nets assigned to row global resources
+--------+------+------+
| Fanout | Type | Name |
+--------+------+------+
+--------+------+------+

High fanout nets
+--------+---------+------------------------------------------------------+
| Fanout | Type    | Name                                                 |
+--------+---------+------------------------------------------------------+
| 2      | INT_NET | Net   : demo_sb_sb_0/SYSRESET_POR_Z                  |
|        |         | Driver: demo_sb_sb_0/SYSRESET_POR                    |
| 1      | INT_NET | Net   : BIBUF_0_Y                                    |
|        |         | Driver: BIBUF_0                                      |
| 1      | INT_NET | Net   : demo_sb_sb_0_I2C_0_SDA_M2F                   |
|        |         | Driver: demo_sb_sb_0/demo_sb_sb_MSS_0/MSS_ADLIB_INST |
| 1      | INT_NET | Net   : BIBUF_1_Y                                    |
|        |         | Driver: BIBUF_1                                      |
| 1      | INT_NET | Net   : demo_sb_sb_0_I2C_0_SCL_M2F                   |
|        |         | Driver: demo_sb_sb_0/demo_sb_sb_MSS_0/MSS_ADLIB_INST |
| 1      | INT_NET | Net   : GPIO_9_F2M_c                                 |
|        |         | Driver: GPIO_9_F2M_ibuf                              |
| 1      | INT_NET | Net   : MMUART_0_RXD_F2M_c                           |
|        |         | Driver: MMUART_0_RXD_F2M_ibuf                        |
| 1      | INT_NET | Net   : GPIO_2_M2F_c                                 |
|        |         | Driver: demo_sb_sb_0/demo_sb_sb_MSS_0/MSS_ADLIB_INST |
| 1      | INT_NET | Net   : GPIO_3_M2F_c                                 |
|        |         | Driver: demo_sb_sb_0/demo_sb_sb_MSS_0/MSS_ADLIB_INST |
| 1      | INT_NET | Net   : GPIO_4_M2F_c                                 |
|        |         | Driver: demo_sb_sb_0/demo_sb_sb_MSS_0/MSS_ADLIB_INST |
+--------+---------+------------------------------------------------------+

High fanout nets (through buffer trees)
+--------+---------+------------------------------------------------------+
| Fanout | Type    | Name                                                 |
+--------+---------+------------------------------------------------------+
| 2      | INT_NET | Net   : demo_sb_sb_0/SYSRESET_POR_Z                  |
|        |         | Driver: demo_sb_sb_0/SYSRESET_POR                    |
| 1      | INT_NET | Net   : BIBUF_0_Y                                    |
|        |         | Driver: BIBUF_0                                      |
| 1      | INT_NET | Net   : demo_sb_sb_0_I2C_0_SDA_M2F                   |
|        |         | Driver: demo_sb_sb_0/demo_sb_sb_MSS_0/MSS_ADLIB_INST |
| 1      | INT_NET | Net   : BIBUF_1_Y                                    |
|        |         | Driver: BIBUF_1                                      |
| 1      | INT_NET | Net   : demo_sb_sb_0_I2C_0_SCL_M2F                   |
|        |         | Driver: demo_sb_sb_0/demo_sb_sb_MSS_0/MSS_ADLIB_INST |
| 1      | INT_NET | Net   : GPIO_9_F2M_c                                 |
|        |         | Driver: GPIO_9_F2M_ibuf                              |
| 1      | INT_NET | Net   : MMUART_0_RXD_F2M_c                           |
|        |         | Driver: MMUART_0_RXD_F2M_ibuf                        |
| 1      | INT_NET | Net   : GPIO_2_M2F_c                                 |
|        |         | Driver: demo_sb_sb_0/demo_sb_sb_MSS_0/MSS_ADLIB_INST |
| 1      | INT_NET | Net   : GPIO_3_M2F_c                                 |
|        |         | Driver: demo_sb_sb_0/demo_sb_sb_MSS_0/MSS_ADLIB_INST |
| 1      | INT_NET | Net   : GPIO_4_M2F_c                                 |
|        |         | Driver: demo_sb_sb_0/demo_sb_sb_MSS_0/MSS_ADLIB_INST |
+--------+---------+------------------------------------------------------+

